<html>
<body>
<pre>
<h1>µVision Build Log</h1>
<h2>Project:</h2>
C:\Users\Dell\Desktop\git\mtm_ppsw\Rzeminska\Archive\Moduly\Rzeminska.uvproj
Project File Date:  05/01/2019

<h2>Output:</h2>
Build target 'Target 1'
assembling Startup.s...
compiling main.c...
compiling led.c...
compiling keyboard.c...
linking...
Program Size: Code=1316 RO-data=32 RW-data=4 ZI-data=1260  
FromELF: creating hex file...
".\Rzeminska.axf" - 0 Errors, 0 Warning(s).
Build target 'Target 1'
compiling main.c...
compiling keyboard.c...
keyboard.c(9): error:  #101: "KeyboardState" has already been declared in the current scope
keyboard.c(9): error:  #101: "RELEASED" has already been declared in the current scope
keyboard.c(9): error:  #101: "BUTTON_0" has already been declared in the current scope
keyboard.c(9): error:  #101: "BUTTON_1" has already been declared in the current scope
keyboard.c(9): error:  #101: "BUTTON_2" has already been declared in the current scope
keyboard.c(9): error:  #101: "BUTTON_3" has already been declared in the current scope
keyboard.c(16): error:  #147-D: declaration is incompatible with "enum KeyboardState eKeyboardRead(void)" (declared at line 3 of "keyboard.h")
".\Rzeminska.axf" - 7 Errors, 0 Warning(s).
Target not created
Build target 'Target 1'
compiling keyboard.c...
linking...
Program Size: Code=1316 RO-data=32 RW-data=4 ZI-data=1260  
FromELF: creating hex file...
".\Rzeminska.axf" - 0 Errors, 0 Warning(s).
Build target 'Target 1'
compiling main.c...
compiling keyboard.c...
linking...
Program Size: Code=1316 RO-data=32 RW-data=4 ZI-data=1260  
FromELF: creating hex file...
".\Rzeminska.axf" - 0 Errors, 0 Warning(s).
Build target 'Target 1'
linking...
Program Size: Code=1316 RO-data=32 RW-data=4 ZI-data=1260  
FromELF: creating hex file...
".\Rzeminska.axf" - 0 Errors, 0 Warning(s).
Clean started: Project: 'Rzeminska'
   deleting intermediate output files for target 'Target 1'
